// Jest Snapshot v1, https://goo.gl/fbAQLP

exports[`<Stepper /> Should render correctly 1`] = `
<View
  accessible={false}
  pointerEvents="box-none"
  style={
    Array [
      Object {
        "alignItems": "center",
        "justifyContent": "center",
        "paddingHorizontal": 20,
        "paddingVertical": 30,
      },
      Object {
        "flexDirection": "row",
      },
      Object {
        "paddingTop": 20,
      },
    ]
  }
>
  <View
    accessible={false}
    focusable={false}
    onClick={[Function]}
    onResponderGrant={[Function]}
    onResponderMove={[Function]}
    onResponderRelease={[Function]}
    onResponderTerminate={[Function]}
    onResponderTerminationRequest={[Function]}
    onStartShouldSetResponder={[Function]}
    style={
      Object {
        "alignItems": "center",
        "justifyContent": "center",
        "marginHorizontal": 8,
        "opacity": 1,
      }
    }
  >
    <View
      style={
        Object {
          "backgroundColor": "rgba(255, 255, 255, 1)",
          "borderRadius": 100,
          "height": 20,
          "opacity": 1,
          "transform": Array [
            Object {
              "scale": 0.9,
            },
          ],
          "width": 20,
        }
      }
    />
  </View>
  <View
    accessible={false}
    focusable={false}
    onClick={[Function]}
    onResponderGrant={[Function]}
    onResponderMove={[Function]}
    onResponderRelease={[Function]}
    onResponderTerminate={[Function]}
    onResponderTerminationRequest={[Function]}
    onStartShouldSetResponder={[Function]}
    style={
      Object {
        "alignItems": "center",
        "justifyContent": "center",
        "marginHorizontal": 8,
        "opacity": 1,
      }
    }
  >
    <View
      style={
        Object {
          "backgroundColor": "rgba(255, 255, 255, 1)",
          "borderRadius": 100,
          "height": 20,
          "opacity": 1,
          "transform": Array [
            Object {
              "scale": 0.9,
            },
          ],
          "width": 20,
        }
      }
    />
  </View>
  <View
    accessible={false}
    focusable={false}
    onClick={[Function]}
    onResponderGrant={[Function]}
    onResponderMove={[Function]}
    onResponderRelease={[Function]}
    onResponderTerminate={[Function]}
    onResponderTerminationRequest={[Function]}
    onStartShouldSetResponder={[Function]}
    style={
      Object {
        "alignItems": "center",
        "justifyContent": "center",
        "marginHorizontal": 8,
        "opacity": 1,
      }
    }
  >
    <View
      style={
        Object {
          "backgroundColor": "rgba(255, 255, 255, 1)",
          "borderRadius": 100,
          "height": 20,
          "opacity": 1,
          "transform": Array [
            Object {
              "scale": 0.9,
            },
          ],
          "width": 20,
        }
      }
    />
  </View>
  <View
    accessible={false}
    focusable={false}
    onClick={[Function]}
    onResponderGrant={[Function]}
    onResponderMove={[Function]}
    onResponderRelease={[Function]}
    onResponderTerminate={[Function]}
    onResponderTerminationRequest={[Function]}
    onStartShouldSetResponder={[Function]}
    style={
      Object {
        "alignItems": "center",
        "justifyContent": "center",
        "marginHorizontal": 8,
        "opacity": 1,
      }
    }
  >
    <View
      style={
        Object {
          "backgroundColor": "rgba(255, 255, 255, 1)",
          "borderRadius": 100,
          "height": 20,
          "opacity": 1,
          "transform": Array [
            Object {
              "scale": 0.9,
            },
          ],
          "width": 20,
        }
      }
    />
  </View>
  <View
    accessible={false}
    focusable={false}
    onClick={[Function]}
    onResponderGrant={[Function]}
    onResponderMove={[Function]}
    onResponderRelease={[Function]}
    onResponderTerminate={[Function]}
    onResponderTerminationRequest={[Function]}
    onStartShouldSetResponder={[Function]}
    style={
      Object {
        "alignItems": "center",
        "justifyContent": "center",
        "marginHorizontal": 8,
        "opacity": 1,
      }
    }
  >
    <View
      style={
        Object {
          "backgroundColor": "rgba(255, 255, 255, 1)",
          "borderRadius": 100,
          "height": 20,
          "opacity": 1,
          "transform": Array [
            Object {
              "scale": 0.9,
            },
          ],
          "width": 20,
        }
      }
    />
  </View>
  <View
    accessible={false}
    focusable={false}
    onClick={[Function]}
    onResponderGrant={[Function]}
    onResponderMove={[Function]}
    onResponderRelease={[Function]}
    onResponderTerminate={[Function]}
    onResponderTerminationRequest={[Function]}
    onStartShouldSetResponder={[Function]}
    style={
      Object {
        "alignItems": "center",
        "justifyContent": "center",
        "marginHorizontal": 8,
        "opacity": 1,
      }
    }
  >
    <View
      style={
        Object {
          "backgroundColor": "rgba(255, 255, 255, 1)",
          "borderRadius": 100,
          "height": 20,
          "opacity": 1,
          "transform": Array [
            Object {
              "scale": 0.9,
            },
          ],
          "width": 20,
        }
      }
    />
  </View>
  <View
    accessible={false}
    focusable={false}
    onClick={[Function]}
    onResponderGrant={[Function]}
    onResponderMove={[Function]}
    onResponderRelease={[Function]}
    onResponderTerminate={[Function]}
    onResponderTerminationRequest={[Function]}
    onStartShouldSetResponder={[Function]}
    style={
      Object {
        "alignItems": "center",
        "justifyContent": "center",
        "marginHorizontal": 8,
        "opacity": 1,
      }
    }
  >
    <View
      style={
        Object {
          "backgroundColor": "rgba(255, 255, 255, 1)",
          "borderRadius": 100,
          "height": 20,
          "opacity": 1,
          "transform": Array [
            Object {
              "scale": 0.9,
            },
          ],
          "width": 20,
        }
      }
    />
  </View>
  <View
    accessible={false}
    focusable={false}
    onClick={[Function]}
    onResponderGrant={[Function]}
    onResponderMove={[Function]}
    onResponderRelease={[Function]}
    onResponderTerminate={[Function]}
    onResponderTerminationRequest={[Function]}
    onStartShouldSetResponder={[Function]}
    style={
      Object {
        "alignItems": "center",
        "justifyContent": "center",
        "marginHorizontal": 8,
        "opacity": 1,
      }
    }
  >
    <View
      style={
        Object {
          "backgroundColor": "rgba(255, 255, 255, 1)",
          "borderRadius": 100,
          "height": 20,
          "opacity": 1,
          "transform": Array [
            Object {
              "scale": 0.9,
            },
          ],
          "width": 20,
        }
      }
    />
  </View>
</View>
`;
